[1778761461867] [pid=10052] [seq=1] host.discovery.begin modules_dir='../../plugins' desired_profile='dev' allow_mixed=false
[1778761461877] [pid=10052] [seq=2] host.discovery.candidates.total=2
[1778761461877] [pid=10052] [seq=3] host.discovery.candidate path='C:\Users\Aiden\Documents\Kayla's Systems\NewEngineRockstar\NewEngine\neocore2\plugins\platform-winit-0.1.8-release.dll' profile='release'
[1778761461878] [pid=10052] [seq=4] host.discovery.candidate path='C:\Users\Aiden\Documents\Kayla's Systems\NewEngineRockstar\NewEngine\neocore2\target\debug\../../plugins\platform-winit-0.1.8-release.dll' profile='release'
[1778761461878] [pid=10052] [seq=5] host.discovery.skipped_profile_mismatch=2 desired='dev' mixed_allowed=false
[1778761461878] [pid=10052] [seq=6] host.discovery.candidates.after_profile_filter=0
[1778761461878] [pid=10052] [seq=7] host.discovery.failed.no_candidate
[1778762391229] [pid=12932] [seq=1] host.discovery.begin modules_dir='../../plugins' desired_profile='dev' allow_mixed=false
[1778762391233] [pid=12932] [seq=2] host.discovery.candidates.total=4
[1778762391233] [pid=12932] [seq=3] host.discovery.candidate path='C:\Users\Aiden\Documents\Kayla's Systems\NewEngineRockstar\NewEngine\neocore2\plugins\platform-winit-0.1.8-dev.dll' profile='dev'
[1778762391233] [pid=12932] [seq=4] host.discovery.candidate path='C:\Users\Aiden\Documents\Kayla's Systems\NewEngineRockstar\NewEngine\neocore2\plugins\platforms\platform-winit-0.1.8-dev.dll' profile='dev'
[1778762391233] [pid=12932] [seq=5] host.discovery.candidate path='C:\Users\Aiden\Documents\Kayla's Systems\NewEngineRockstar\NewEngine\neocore2\target\debug\../../plugins\platform-winit-0.1.8-dev.dll' profile='dev'
[1778762391233] [pid=12932] [seq=6] host.discovery.candidate path='C:\Users\Aiden\Documents\Kayla's Systems\NewEngineRockstar\NewEngine\neocore2\target\debug\../../plugins\platforms\platform-winit-0.1.8-dev.dll' profile='dev'
[1778762391233] [pid=12932] [seq=7] host.discovery.candidates.after_profile_filter=4
[1778762391234] [pid=12932] [seq=8] host.discovery.metadata_probe.disabled
[1778762391234] [pid=12932] [seq=9] host.discovery.selected.filename path='C:\Users\Aiden\Documents\Kayla's Systems\NewEngineRockstar\NewEngine\neocore2\plugins\platform-winit-0.1.8-dev.dll'
[1778762391234] [pid=12932] [seq=10] host.config.metadata_probe.disabled runtime_path='C:\Users\Aiden\Documents\Kayla's Systems\NewEngineRockstar\NewEngine\neocore2\plugins\platform-winit-0.1.8-dev.dll'
[1778762391237] [pid=12932] [seq=11] host.run.enter runtime_path='C:\Users\Aiden\Documents\Kayla's Systems\NewEngineRockstar\NewEngine\neocore2\plugins\platform-winit-0.1.8-dev.dll'
[1778762391237] [pid=12932] [seq=12] host.dll.load.begin path='C:\Users\Aiden\Documents\Kayla's Systems\NewEngineRockstar\NewEngine\neocore2\plugins\platform-winit-0.1.8-dev.dll'
[1778762391238] [pid=12932] [seq=13] host.dll.load.ok path='C:\Users\Aiden\Documents\Kayla's Systems\NewEngineRockstar\NewEngine\neocore2\plugins\platform-winit-0.1.8-dev.dll'
[1778762391238] [pid=12932] [seq=14] host.symbol.resolve.begin symbol='newengine_platform_runtime_run_v1'
[1778762391238] [pid=12932] [seq=15] host.symbol.resolve.ok symbol='newengine_platform_runtime_run_v1'
[1778762391239] [pid=12932] [seq=16] host.ffi.call.begin user_data=0x6ab9d1edc0 title='KAYLA FPS: Procedural Highlands' size=1600x900
[1778762391266] [pid=12932] [seq=17] host.callback.on_window_ready.begin user_data=0x6ab9d1edc0
[1778762391268] [pid=12932] [seq=18] host.callback.on_window_focused.begin user_data=0x6ab9d1edc0 focused=true
[1778762391269] [pid=12932] [seq=19] host.callback.on_window_resized.begin user_data=0x6ab9d1edc0
[1778762391269] [pid=12932] [seq=20] host.callback.on_window_resized.begin user_data=0x6ab9d1edc0
[1778762391270] [pid=12932] [seq=21] host.callback.on_window_resized.begin user_data=0x6ab9d1edc0
[1778762414705] [pid=12932] [seq=22] host.callback.on_close_requested.begin user_data=0x6ab9d1edc0
