[2m2026-02-18T09:42:13.265028Z[0m [32m INFO[0m main ThreadId(01) [2mnewengine_core::engine[0m[2m:[0m plugins: starting (phase=load)
[2m2026-02-18T09:42:13.265259Z[0m [32m INFO[0m main ThreadId(01) [2mnewengine_core::plugins::manager[0m[2m:[0m plugins: scanning directory 'C:\Users\Aiden\Documents\Kayla's Systems\NewEngine\neocore2\target\debug\../../engineModules'
[2m2026-02-18T09:42:13.265596Z[0m [32m INFO[0m main ThreadId(01) [2mnewengine_core::plugins::manager[0m[2m:[0m plugins: found 2 candidate(s) in 'C:\Users\Aiden\Documents\Kayla's Systems\NewEngine\neocore2\target\debug\../../engineModules'
[2m2026-02-18T09:42:13.265684Z[0m [32m INFO[0m main ThreadId(01) [2mnewengine_core::plugins::manager[0m[2m:[0m plugins: loading 'C:\Users\Aiden\Documents\Kayla's Systems\NewEngine\neocore2\target\debug\../../engineModules\assetManager-0.2.5-dev.dll'
[2m2026-02-18T09:42:13.267114Z[0m [33m WARN[0m main ThreadId(01) [2mnewengine_core::plugins::host_api[0m[2m:[0m assets: importer failed 'C:\Users\Aiden\Documents\Kayla's Systems\NewEngine\neocore2\target\debug\../../importers\audioimporter-0.2.4-dev.dll' err='GetProcAddress failed'
[2m2026-02-18T09:42:13.267651Z[0m [32m INFO[0m main ThreadId(01) [2mnewengine_core::plugins::host_api[0m[2m:[0m assets: importer loaded 'C:\Users\Aiden\Documents\Kayla's Systems\NewEngine\neocore2\target\debug\../../importers\fontImporter-0.2.0-dev.dll'
[2m2026-02-18T09:42:13.268017Z[0m [32m INFO[0m main ThreadId(01) [2mnewengine_core::plugins::host_api[0m[2m:[0m 3d-importer: service registered (kalitech.import.3d.v1)
[2m2026-02-18T09:42:13.268248Z[0m [32m INFO[0m main ThreadId(01) [2mnewengine_core::plugins::host_api[0m[2m:[0m assets: importer loaded 'C:\Users\Aiden\Documents\Kayla's Systems\NewEngine\neocore2\target\debug\../../importers\geometryImporter-0.1.0-dev.dll'
[2m2026-02-18T09:42:13.268791Z[0m [32m INFO[0m main ThreadId(01) [2mnewengine_core::plugins::host_api[0m[2m:[0m assets: importer discovered id='kalitech.import.image.v1' type='kalitech.asset.texture' priority=0 format='image' method='import_image_v1' ext_hint=false exts=["ico", "jpg", "jpeg", "gif", "tga", "bmp", "png", "svg", "dds", "webp"]
[2m2026-02-18T09:42:13.268964Z[0m [32m INFO[0m main ThreadId(01) [2mnewengine_core::plugins::host_api[0m[2m:[0m assets: importer loaded 'C:\Users\Aiden\Documents\Kayla's Systems\NewEngine\neocore2\target\debug\../../importers\imageImporter-0.2.4-dev.dll'
[2m2026-02-18T09:42:13.269434Z[0m [32m INFO[0m main ThreadId(01) [2mnewengine_core::plugins::host_api[0m[2m:[0m text-importer: providers registered ok=14 failed=0
[2m2026-02-18T09:42:13.269599Z[0m [32m INFO[0m main ThreadId(01) [2mnewengine_core::plugins::host_api[0m[2m:[0m assets: importer discovered id='kalitech.import.csv.v1' type='kalitech.asset.text' priority=100 format='csv' method='import_text_v1' ext_hint=true exts=["csv"]
[2m2026-02-18T09:42:13.269736Z[0m [32m INFO[0m main ThreadId(01) [2mnewengine_core::plugins::host_api[0m[2m:[0m assets: importer discovered id='kalitech.import.glsl.v1' type='kalitech.asset.text' priority=100 format='glsl' method='import_text_v1' ext_hint=true exts=["glsl"]
[2m2026-02-18T09:42:13.269877Z[0m [32m INFO[0m main ThreadId(01) [2mnewengine_core::plugins::host_api[0m[2m:[0m assets: importer discovered id='kalitech.import.hlsl.v1' type='kalitech.asset.text' priority=100 format='hlsl' method='import_text_v1' ext_hint=true exts=["hlsl"]
[2m2026-02-18T09:42:13.270033Z[0m [32m INFO[0m main ThreadId(01) [2mnewengine_core::plugins::host_api[0m[2m:[0m assets: importer discovered id='kalitech.import.html.v1' type='kalitech.asset.text' priority=100 format='html' method='import_text_v1' ext_hint=true exts=["htm", "html"]
[2m2026-02-18T09:42:13.270228Z[0m [32m INFO[0m main ThreadId(01) [2mnewengine_core::plugins::host_api[0m[2m:[0m assets: importer discovered id='kalitech.import.ini.v1' type='kalitech.asset.text' priority=100 format='ini' method='import_text_v1' ext_hint=true exts=["cfg", "ini"]
[2m2026-02-18T09:42:13.270372Z[0m [32m INFO[0m main ThreadId(01) [2mnewengine_core::plugins::host_api[0m[2m:[0m assets: importer discovered id='kalitech.import.json.v1' type='kalitech.asset.text' priority=100 format='json' method='import_text_v1' ext_hint=true exts=["json"]
[2m2026-02-18T09:42:13.270507Z[0m [32m INFO[0m main ThreadId(01) [2mnewengine_core::plugins::host_api[0m[2m:[0m assets: importer discovered id='kalitech.import.ron.v1' type='kalitech.asset.text' priority=100 format='ron' method='import_text_v1' ext_hint=true exts=["ron"]
[2m2026-02-18T09:42:13.270647Z[0m [32m INFO[0m main ThreadId(01) [2mnewengine_core::plugins::host_api[0m[2m:[0m assets: importer discovered id='kalitech.import.shader.v1' type='kalitech.asset.text' priority=100 format='shader' method='import_text_v1' ext_hint=true exts=["comp", "frag", "vert"]
[2m2026-02-18T09:42:13.270792Z[0m [32m INFO[0m main ThreadId(01) [2mnewengine_core::plugins::host_api[0m[2m:[0m assets: importer discovered id='kalitech.import.toml.v1' type='kalitech.asset.text' priority=100 format='toml' method='import_text_v1' ext_hint=true exts=["toml"]
[2m2026-02-18T09:42:13.270929Z[0m [32m INFO[0m main ThreadId(01) [2mnewengine_core::plugins::host_api[0m[2m:[0m assets: importer discovered id='kalitech.import.txt.v1' type='kalitech.asset.text' priority=100 format='txt' method='import_text_v1' ext_hint=true exts=["md", "txt"]
[2m2026-02-18T09:42:13.271072Z[0m [32m INFO[0m main ThreadId(01) [2mnewengine_core::plugins::host_api[0m[2m:[0m assets: importer discovered id='kalitech.import.ui.v1' type='kalitech.asset.text' priority=100 format='ui' method='import_text_v1' ext_hint=true exts=["ui"]
[2m2026-02-18T09:42:13.271212Z[0m [32m INFO[0m main ThreadId(01) [2mnewengine_core::plugins::host_api[0m[2m:[0m assets: importer discovered id='kalitech.import.wgsl.v1' type='kalitech.asset.text' priority=100 format='wgsl' method='import_text_v1' ext_hint=true exts=["wgsl"]
[2m2026-02-18T09:42:13.271347Z[0m [32m INFO[0m main ThreadId(01) [2mnewengine_core::plugins::host_api[0m[2m:[0m assets: importer discovered id='kalitech.import.xml.v1' type='kalitech.asset.text' priority=100 format='xml' method='import_text_v1' ext_hint=true exts=["xml"]
[2m2026-02-18T09:42:13.271500Z[0m [32m INFO[0m main ThreadId(01) [2mnewengine_core::plugins::host_api[0m[2m:[0m assets: importer discovered id='kalitech.import.yaml.v1' type='kalitech.asset.text' priority=100 format='yaml' method='import_text_v1' ext_hint=true exts=["yaml", "yml"]
[2m2026-02-18T09:42:13.271607Z[0m [32m INFO[0m main ThreadId(01) [2mnewengine_core::plugins::host_api[0m[2m:[0m assets: importer loaded 'C:\Users\Aiden\Documents\Kayla's Systems\NewEngine\neocore2\target\debug\../../importers\textimporter-0.2.4-dev.dll'
[2m2026-02-18T09:42:13.271687Z[0m [32m INFO[0m main ThreadId(01) [2mnewengine_core::plugins::host_api[0m[2m:[0m assets: initialized
[2m2026-02-18T09:42:13.271754Z[0m [32m INFO[0m main ThreadId(01) [2mnewengine_core::plugins::manager[0m[2m:[0m plugins: loaded id='assetManager' ver='0.2.5' from 'C:\Users\Aiden\Documents\Kayla's Systems\NewEngine\neocore2\target\debug\../../engineModules\assetManager-0.2.5-dev.dll'
[2m2026-02-18T09:42:13.271844Z[0m [32m INFO[0m main ThreadId(01) [2mnewengine_core::plugins::manager[0m[2m:[0m plugins: loading 'C:\Users\Aiden\Documents\Kayla's Systems\NewEngine\neocore2\target\debug\../../engineModules\input-0.1.9-dev.dll'
[2m2026-02-18T09:42:13.278858Z[0m [32m INFO[0m main ThreadId(01) [2mnewengine_core::plugins::host_api[0m[2m:[0m input: initialized (events + gilrs)
[2m2026-02-18T09:42:13.278971Z[0m [32m INFO[0m main ThreadId(01) [2mnewengine_core::plugins::manager[0m[2m:[0m plugins: loaded id='input' ver='0.1.9' from 'C:\Users\Aiden\Documents\Kayla's Systems\NewEngine\neocore2\target\debug\../../engineModules\input-0.1.9-dev.dll'
[2m2026-02-18T09:42:13.279156Z[0m [32m INFO[0m main ThreadId(01) [2mnewengine_core::engine[0m[2m:[0m plugins: done (phase=load count=2 elapsed_ms=13)
[2m2026-02-18T09:42:13.453066Z[0m [33m WARN[0m main ThreadId(01) [2mnewengine_modules_render_vulkan_ash::vulkan::renderer::init[0m[2m:[0m Vulkan validation layer not found; running without validation.
[2m2026-02-18T09:42:13.623869Z[0m [32m INFO[0m main ThreadId(01) [2mnewengine_core::engine[0m[2m:[0m plugins: diagnostics tag='after module init' loaded=2
[2m2026-02-18T09:42:13.624029Z[0m [32m INFO[0m main ThreadId(01) [2mnewengine_core::engine[0m[2m:[0m plugins: diag [01/02] id='assetManager' ver='0.2.5' state='registered'
[2m2026-02-18T09:42:13.624121Z[0m [32m INFO[0m main ThreadId(01) [2mnewengine_core::engine[0m[2m:[0m plugins: diag [02/02] id='input' ver='0.1.9' state='registered'
